8/16/2026, 5:54:22 PM PDT [Modules] Modules initializing
8/16/2026, 5:54:22 PM PDT [Modules] Distribution: remote
8/16/2026, 5:54:22 PM PDT [Modules] Host updates: disabled
8/16/2026, 5:54:22 PM PDT [Modules] Module updates: enabled
8/16/2026, 5:54:22 PM PDT [Modules] Module install path: /home/vespera/.config/discord/1.0.138/modules
8/16/2026, 5:54:22 PM PDT [Modules] Module installed file path: /home/vespera/.config/discord/1.0.138/modules/installed.json
8/16/2026, 5:54:22 PM PDT [Modules] Module download path: /home/vespera/.config/discord/1.0.138/modules/pending
8/16/2026, 5:54:22 PM PDT [Modules] No updates to install
8/16/2026, 5:54:22 PM PDT [Modules] Host is up to date.
8/16/2026, 5:54:22 PM PDT [Modules] Checking for module updates at https://discord.com/api/modules/stable/versions.json
8/16/2026, 5:54:23 PM PDT [Modules] No module updates available.
8/16/2026, 5:54:57 PM PDT [Modules] Host is up to date.
8/16/2026, 5:54:57 PM PDT [Modules] Checking for module updates at https://discord.com/api/modules/stable/versions.json
8/16/2026, 5:54:57 PM PDT [Modules] No module updates available.
8/16/2026, 6:06:15 PM PDT [Modules] Modules initializing
8/16/2026, 6:06:15 PM PDT [Modules] Distribution: remote
8/16/2026, 6:06:15 PM PDT [Modules] Host updates: disabled
8/16/2026, 6:06:15 PM PDT [Modules] Module updates: enabled
8/16/2026, 6:06:15 PM PDT [Modules] Module install path: /home/vespera/.config/discord/1.0.138/modules
8/16/2026, 6:06:15 PM PDT [Modules] Module installed file path: /home/vespera/.config/discord/1.0.138/modules/installed.json
8/16/2026, 6:06:15 PM PDT [Modules] Module download path: /home/vespera/.config/discord/1.0.138/modules/pending
8/16/2026, 6:06:15 PM PDT [Modules] No updates to install
8/16/2026, 6:06:15 PM PDT [Modules] Host is up to date.
8/16/2026, 6:06:15 PM PDT [Modules] Checking for module updates at https://discord.com/api/modules/stable/versions.json
8/16/2026, 6:06:15 PM PDT [Modules] No module updates available.
8/16/2026, 6:06:19 PM PDT [Modules] Host is up to date.
8/16/2026, 6:06:19 PM PDT [Modules] Checking for module updates at https://discord.com/api/modules/stable/versions.json
8/16/2026, 6:06:19 PM PDT [Modules] No module updates available.
8/16/2026, 6:13:53 PM PDT [Modules] Modules initializing
8/16/2026, 6:13:53 PM PDT [Modules] Distribution: remote
8/16/2026, 6:13:53 PM PDT [Modules] Host updates: disabled
8/16/2026, 6:13:53 PM PDT [Modules] Module updates: enabled
8/16/2026, 6:13:53 PM PDT [Modules] Module install path: /home/vespera/.config/discord/1.0.138/modules
8/16/2026, 6:13:53 PM PDT [Modules] Module installed file path: /home/vespera/.config/discord/1.0.138/modules/installed.json
8/16/2026, 6:13:53 PM PDT [Modules] Module download path: /home/vespera/.config/discord/1.0.138/modules/pending
8/16/2026, 6:13:53 PM PDT [Modules] No updates to install
8/16/2026, 6:13:53 PM PDT [Modules] Host is up to date.
8/16/2026, 6:13:53 PM PDT [Modules] Checking for module updates at https://discord.com/api/modules/stable/versions.json
8/16/2026, 6:13:54 PM PDT [Modules] No module updates available.
8/16/2026, 6:13:58 PM PDT [Modules] Host is up to date.
8/16/2026, 6:13:58 PM PDT [Modules] Checking for module updates at https://discord.com/api/modules/stable/versions.json
8/16/2026, 6:13:58 PM PDT [Modules] No module updates available.
8/16/2026, 7:13:58 PM PDT [Modules] Host is up to date.
8/16/2026, 7:13:58 PM PDT [Modules] Checking for module updates at https://discord.com/api/modules/stable/versions.json
8/16/2026, 7:13:58 PM PDT [Modules] No module updates available.
8/16/2026, 8:13:58 PM PDT [Modules] Host is up to date.
8/16/2026, 8:13:58 PM PDT [Modules] Checking for module updates at https://discord.com/api/modules/stable/versions.json
8/16/2026, 8:13:58 PM PDT [Modules] No module updates available.
8/22/2026, 1:25:55 PM PDT [Modules] Modules initializing
8/22/2026, 1:25:55 PM PDT [Modules] Distribution: remote
8/22/2026, 1:25:55 PM PDT [Modules] Host updates: disabled
8/22/2026, 1:25:55 PM PDT [Modules] Module updates: enabled
8/22/2026, 1:25:55 PM PDT [Modules] Module install path: /home/vespera/.config/discord/1.0.138/modules
8/22/2026, 1:25:55 PM PDT [Modules] Module installed file path: /home/vespera/.config/discord/1.0.138/modules/installed.json
8/22/2026, 1:25:55 PM PDT [Modules] Module download path: /home/vespera/.config/discord/1.0.138/modules/pending
8/22/2026, 1:25:55 PM PDT [Modules] No updates to install
8/22/2026, 1:25:55 PM PDT [Modules] Host is up to date.
8/22/2026, 1:25:55 PM PDT [Modules] Checking for module updates at https://discord.com/api/modules/stable/versions.json
8/22/2026, 1:25:56 PM PDT [Modules] No module updates available.
8/22/2026, 1:26:00 PM PDT [Modules] Host is up to date.
8/22/2026, 1:26:00 PM PDT [Modules] Checking for module updates at https://discord.com/api/modules/stable/versions.json
8/22/2026, 1:26:00 PM PDT [Modules] No module updates available.
8/22/2026, 2:26:00 PM PDT [Modules] Host is up to date.
8/22/2026, 2:26:00 PM PDT [Modules] Checking for module updates at https://discord.com/api/modules/stable/versions.json
8/22/2026, 2:26:00 PM PDT [Modules] No module updates available.
8/22/2026, 4:49:28 PM PDT [Modules] Modules initializing
8/22/2026, 4:49:28 PM PDT [Modules] Distribution: remote
8/22/2026, 4:49:28 PM PDT [Modules] Host updates: disabled
8/22/2026, 4:49:28 PM PDT [Modules] Module updates: enabled
8/22/2026, 4:49:28 PM PDT [Modules] Module install path: /home/vespera/.config/discord/1.0.138/modules
8/22/2026, 4:49:28 PM PDT [Modules] Module installed file path: /home/vespera/.config/discord/1.0.138/modules/installed.json
8/22/2026, 4:49:28 PM PDT [Modules] Module download path: /home/vespera/.config/discord/1.0.138/modules/pending
8/22/2026, 4:49:28 PM PDT [Modules] No updates to install
8/22/2026, 4:49:28 PM PDT [Modules] Host is up to date.
8/22/2026, 4:49:28 PM PDT [Modules] Checking for module updates at https://discord.com/api/modules/stable/versions.json
8/22/2026, 4:49:29 PM PDT [Modules] No module updates available.
8/22/2026, 4:49:33 PM PDT [Modules] Host is up to date.
8/22/2026, 4:49:33 PM PDT [Modules] Checking for module updates at https://discord.com/api/modules/stable/versions.json
8/22/2026, 4:49:33 PM PDT [Modules] No module updates available.
8/22/2026, 5:49:35 PM PDT [Modules] Host is up to date.
8/22/2026, 5:49:35 PM PDT [Modules] Checking for module updates at https://discord.com/api/modules/stable/versions.json
8/22/2026, 5:49:35 PM PDT [Modules] No module updates available.
8/22/2026, 6:49:35 PM PDT [Modules] Host is up to date.
8/22/2026, 6:49:35 PM PDT [Modules] Checking for module updates at https://discord.com/api/modules/stable/versions.json
8/22/2026, 6:49:35 PM PDT [Modules] No module updates available.
8/22/2026, 9:39:29 PM PDT [Modules] Modules initializing
8/22/2026, 9:39:29 PM PDT [Modules] Distribution: remote
8/22/2026, 9:39:29 PM PDT [Modules] Host updates: disabled
8/22/2026, 9:39:29 PM PDT [Modules] Module updates: enabled
8/22/2026, 9:39:29 PM PDT [Modules] Module install path: /home/vespera/.config/discord/1.0.138/modules
8/22/2026, 9:39:29 PM PDT [Modules] Module installed file path: /home/vespera/.config/discord/1.0.138/modules/installed.json
8/22/2026, 9:39:29 PM PDT [Modules] Module download path: /home/vespera/.config/discord/1.0.138/modules/pending
8/22/2026, 9:39:29 PM PDT [Modules] No updates to install
8/22/2026, 9:39:29 PM PDT [Modules] Host is up to date.
8/22/2026, 9:39:29 PM PDT [Modules] Checking for module updates at https://discord.com/api/modules/stable/versions.json
8/22/2026, 9:39:29 PM PDT [Modules] No module updates available.
8/22/2026, 9:39:34 PM PDT [Modules] Host is up to date.
8/22/2026, 9:39:34 PM PDT [Modules] Checking for module updates at https://discord.com/api/modules/stable/versions.json
8/22/2026, 9:39:34 PM PDT [Modules] No module updates available.
8/22/2026, 10:39:34 PM PDT [Modules] Host is up to date.
8/22/2026, 10:39:34 PM PDT [Modules] Checking for module updates at https://discord.com/api/modules/stable/versions.json
8/22/2026, 10:39:34 PM PDT [Modules] No module updates available.
8/23/2026, 9:34:16 AM PDT [Modules] Modules initializing
8/23/2026, 9:34:16 AM PDT [Modules] Distribution: remote
8/23/2026, 9:34:16 AM PDT [Modules] Host updates: disabled
8/23/2026, 9:34:16 AM PDT [Modules] Module updates: enabled
8/23/2026, 9:34:16 AM PDT [Modules] Module install path: /home/vespera/.config/discord/1.0.138/modules
8/23/2026, 9:34:16 AM PDT [Modules] Module installed file path: /home/vespera/.config/discord/1.0.138/modules/installed.json
8/23/2026, 9:34:16 AM PDT [Modules] Module download path: /home/vespera/.config/discord/1.0.138/modules/pending
8/23/2026, 9:34:16 AM PDT [Modules] No updates to install
8/23/2026, 9:34:16 AM PDT [Modules] Host is up to date.
8/23/2026, 9:34:16 AM PDT [Modules] Checking for module updates at https://discord.com/api/modules/stable/versions.json
8/23/2026, 9:34:16 AM PDT [Modules] No module updates available.
8/23/2026, 9:34:20 AM PDT [Modules] Host is up to date.
8/23/2026, 9:34:20 AM PDT [Modules] Checking for module updates at https://discord.com/api/modules/stable/versions.json
8/23/2026, 9:34:20 AM PDT [Modules] No module updates available.
8/23/2026, 10:34:20 AM PDT [Modules] Host is up to date.
8/23/2026, 10:34:20 AM PDT [Modules] Checking for module updates at https://discord.com/api/modules/stable/versions.json
8/23/2026, 10:34:20 AM PDT [Modules] No module updates available.
8/23/2026, 11:34:20 AM PDT [Modules] Host is up to date.
8/23/2026, 11:34:20 AM PDT [Modules] Checking for module updates at https://discord.com/api/modules/stable/versions.json
8/23/2026, 11:34:20 AM PDT [Modules] No module updates available.
