2026-08-23 15:54:15 Loaded main app package /nix/store/rlanl9i9jyz3wajmhi4q0b37f4cy5crm-obsidian-1.13.4/share/obsidian/obsidian.asar
2026-08-23 15:54:16 Checking for update using Github
2026-08-23 15:54:16 Success.
2026-08-23 15:54:16 Latest version is 1.13.7
2026-08-23 15:54:16 Downloading update from https://github.com/obsidianmd/obsidian-releases/releases/download/v1.13.7/obsidian-1.13.7.asar.gz
2026-08-23 15:54:17 Verifying hash & signature. Size= 8773048
2026-08-23 15:54:17 Saving file
2026-08-23 15:54:17 Update complete.
2026-08-23 16:13:02 Loaded updated app /home/vespera/.config/obsidian/obsidian-1.13.7.asar
2026-08-23 16:13:02 Checking for update using Github
2026-08-23 16:13:02 Success.
2026-08-23 16:13:02 Latest version is 1.13.7
2026-08-23 16:13:02 App is up to date.
2026-08-23 17:13:01 Checking for update using Github
2026-08-23 17:13:02 Success.
2026-08-23 17:13:02 Latest version is 1.13.7
2026-08-23 17:13:02 App is up to date.
2026-08-23 18:13:01 Checking for update using Github
2026-08-23 18:13:02 Success.
2026-08-23 18:13:02 Latest version is 1.13.7
2026-08-23 18:13:02 App is up to date.
2026-08-25 04:05:41 Loaded updated app /home/vespera/.config/obsidian/obsidian-1.13.7.asar
2026-08-25 04:05:42 Checking for update using Github
2026-08-25 04:05:42 Success.
2026-08-25 04:05:42 Latest version is 1.13.7
2026-08-25 04:05:42 App is up to date.
2026-08-25 04:17:18 Loaded updated app /home/vespera/.config/obsidian/obsidian-1.13.7.asar
2026-08-25 04:17:19 Checking for update using Github
2026-08-25 04:17:19 Success.
2026-08-25 04:17:19 Latest version is 1.13.7
2026-08-25 04:17:19 App is up to date.
2026-09-06 17:53:05 Loaded updated app /home/vespera/.config/obsidian/obsidian-1.13.7.asar
2026-09-06 17:53:05 Checking for update using Github
2026-09-06 17:53:06 Success.
2026-09-06 17:53:06 Latest version is 1.13.7
2026-09-06 17:53:06 App is up to date.
2026-09-06 18:53:05 Checking for update using Github
2026-09-06 18:53:05 Success.
2026-09-06 18:53:05 Latest version is 1.13.7
2026-09-06 18:53:05 App is up to date.
2026-09-06 19:53:05 Checking for update using Github
2026-09-06 19:53:05 Success.
2026-09-06 19:53:05 Latest version is 1.13.7
2026-09-06 19:53:05 App is up to date.
2026-09-13 02:53:12 Loaded updated app /home/vespera/.config/obsidian/obsidian-1.13.7.asar
2026-09-13 02:53:12 Checking for update using Github
2026-09-13 02:53:12 Success.
2026-09-13 02:53:12 Latest version is 1.13.7
2026-09-13 02:53:12 App is up to date.
2026-09-13 03:53:12 Checking for update using Github
2026-09-13 03:53:12 Success.
2026-09-13 03:53:12 Latest version is 1.13.7
2026-09-13 03:53:12 App is up to date.
2026-09-13 04:53:12 Checking for update using Github
2026-09-13 04:53:12 Success.
2026-09-13 04:53:12 Latest version is 1.13.7
2026-09-13 04:53:12 App is up to date.
