8/16/2026, 5:54:22 PM PDT 0: 

----------------------------------------------
8/16/2026, 5:54:22 PM PDT 1: Discord starting: {"newUpdater":true,"releaseChannel":"stable","sentryDist":"stable-linux-x64","sentryRelease":"discord-desktop-f4d9be098c10e29c53815d781d4c3b766741b8e8","version":"1.0.138"}, modulepath: /home/vespera/.config/discord/module_data
8/16/2026, 5:54:22 PM PDT 2: ✅ webContents.created web1 "index.html"
8/16/2026, 5:54:22 PM PDT 3: ✅ window.created win1 "discord"
8/16/2026, 5:54:22 PM PDT 4: ✅ webContents.did-finish-load web1
8/16/2026, 5:54:23 PM PDT 5: ✅ webContents.created web2 ""
8/16/2026, 5:54:23 PM PDT 6: ✅ window.created win2 "Discord"
8/16/2026, 5:54:24 PM PDT 7: ✅ webContents.did-finish-load web2
8/16/2026, 5:54:24 PM PDT 8: window.close win1
8/16/2026, 5:54:24 PM PDT 9: webContents.destroyed web1
8/16/2026, 5:54:24 PM PDT 10: window.closed win1
8/16/2026, 6:04:15 PM PDT 11: before-quit
8/16/2026, 6:06:15 PM PDT 0: 

----------------------------------------------
8/16/2026, 6:06:15 PM PDT 1: Discord starting: {"newUpdater":true,"releaseChannel":"stable","sentryDist":"stable-linux-x64","sentryRelease":"discord-desktop-f4d9be098c10e29c53815d781d4c3b766741b8e8","version":"1.0.138"}, modulepath: /home/vespera/.config/discord/module_data
8/16/2026, 6:06:15 PM PDT 2: ✅ webContents.created web1 ""
8/16/2026, 6:06:15 PM PDT 3: ✅ window.created win1 "discord"
8/16/2026, 6:06:15 PM PDT 4: ✅ webContents.did-finish-load web1
8/16/2026, 6:06:15 PM PDT 5: ✅ webContents.created web2 ""
8/16/2026, 6:06:15 PM PDT 6: ✅ window.created win2 "Discord"
8/16/2026, 6:06:16 PM PDT 7: ✅ webContents.did-finish-load web2
8/16/2026, 6:06:16 PM PDT 8: window.close win1
8/16/2026, 6:06:16 PM PDT 9: webContents.destroyed web1
8/16/2026, 6:06:16 PM PDT 10: window.closed win1
8/16/2026, 6:13:53 PM PDT 0: 

----------------------------------------------
8/16/2026, 6:13:53 PM PDT 1: Discord starting: {"newUpdater":true,"releaseChannel":"stable","sentryDist":"stable-linux-x64","sentryRelease":"discord-desktop-f4d9be098c10e29c53815d781d4c3b766741b8e8","version":"1.0.138"}, modulepath: /home/vespera/.config/discord/module_data
8/16/2026, 6:13:53 PM PDT 2: ✅ webContents.created web1 ""
8/16/2026, 6:13:53 PM PDT 3: ✅ window.created win1 "discord"
8/16/2026, 6:13:54 PM PDT 4: ✅ webContents.did-finish-load web1
8/16/2026, 6:13:54 PM PDT 5: ✅ webContents.created web2 ""
8/16/2026, 6:13:54 PM PDT 6: ✅ window.created win2 "Discord"
8/16/2026, 6:13:54 PM PDT 7: ✅ webContents.did-finish-load web2
8/16/2026, 6:13:55 PM PDT 8: window.close win1
8/16/2026, 6:13:55 PM PDT 9: webContents.destroyed web1
8/16/2026, 6:13:55 PM PDT 10: window.closed win1
8/16/2026, 8:14:47 PM PDT 11: before-quit
8/22/2026, 1:25:55 PM PDT 0: 

----------------------------------------------
8/22/2026, 1:25:55 PM PDT 1: Discord starting: {"newUpdater":true,"releaseChannel":"stable","sentryDist":"stable-linux-x64","sentryRelease":"discord-desktop-f4d9be098c10e29c53815d781d4c3b766741b8e8","version":"1.0.138"}, modulepath: /home/vespera/.config/discord/module_data
8/22/2026, 1:25:55 PM PDT 2: ✅ webContents.created web1 ""
8/22/2026, 1:25:55 PM PDT 3: ✅ window.created win1 "discord"
8/22/2026, 1:25:55 PM PDT 4: ✅ webContents.did-finish-load web1
8/22/2026, 1:25:56 PM PDT 5: ✅ webContents.created web2 ""
8/22/2026, 1:25:56 PM PDT 6: ✅ window.created win2 "Discord"
8/22/2026, 1:25:57 PM PDT 7: ✅ webContents.did-finish-load web2
8/22/2026, 1:25:57 PM PDT 8: window.close win1
8/22/2026, 1:25:57 PM PDT 9: webContents.destroyed web1
8/22/2026, 1:25:57 PM PDT 10: window.closed win1
8/22/2026, 2:51:29 PM PDT 11: before-quit
8/22/2026, 4:49:28 PM PDT 0: 

----------------------------------------------
8/22/2026, 4:49:28 PM PDT 1: Discord starting: {"newUpdater":true,"releaseChannel":"stable","sentryDist":"stable-linux-x64","sentryRelease":"discord-desktop-f4d9be098c10e29c53815d781d4c3b766741b8e8","version":"1.0.138"}, modulepath: /home/vespera/.config/discord/module_data
8/22/2026, 4:49:28 PM PDT 2: ✅ webContents.created web1 ""
8/22/2026, 4:49:28 PM PDT 3: ✅ window.created win1 "discord"
8/22/2026, 4:49:28 PM PDT 4: ✅ webContents.did-finish-load web1
8/22/2026, 4:49:29 PM PDT 5: ✅ webContents.created web2 ""
8/22/2026, 4:49:29 PM PDT 6: ✅ window.created win2 "Discord"
8/22/2026, 4:49:29 PM PDT 7: ✅ webContents.did-finish-load web2
8/22/2026, 4:49:30 PM PDT 8: window.close win1
8/22/2026, 4:49:30 PM PDT 9: webContents.destroyed web1
8/22/2026, 4:49:30 PM PDT 10: window.closed win1
8/22/2026, 4:54:36 PM PDT 11: window.close win2
8/22/2026, 4:54:41 PM PDT 0: 

----------------------------------------------
8/22/2026, 7:25:39 PM PDT 12: before-quit
8/22/2026, 9:39:29 PM PDT 0: 

----------------------------------------------
8/22/2026, 9:39:29 PM PDT 1: Discord starting: {"newUpdater":true,"releaseChannel":"stable","sentryDist":"stable-linux-x64","sentryRelease":"discord-desktop-f4d9be098c10e29c53815d781d4c3b766741b8e8","version":"1.0.138"}, modulepath: /home/vespera/.config/discord/module_data
8/22/2026, 9:39:29 PM PDT 2: ✅ webContents.created web1 ""
8/22/2026, 9:39:29 PM PDT 3: ✅ window.created win1 "discord"
8/22/2026, 9:39:29 PM PDT 4: ✅ webContents.did-finish-load web1
8/22/2026, 9:39:29 PM PDT 5: ✅ webContents.created web2 ""
8/22/2026, 9:39:29 PM PDT 6: ✅ window.created win2 "Discord"
8/22/2026, 9:39:30 PM PDT 7: ✅ webContents.did-finish-load web2
8/22/2026, 9:39:31 PM PDT 8: window.close win1
8/22/2026, 9:39:31 PM PDT 9: webContents.destroyed web1
8/22/2026, 9:39:31 PM PDT 10: window.closed win1
8/22/2026, 9:44:47 PM PDT 11: window.close win2
8/22/2026, 9:44:51 PM PDT 0: 

----------------------------------------------
8/22/2026, 9:47:26 PM PDT 12: window.close win2
8/22/2026, 9:47:30 PM PDT 0: 

----------------------------------------------
8/22/2026, 9:53:03 PM PDT 0: 

----------------------------------------------
8/22/2026, 9:53:14 PM PDT 0: 

----------------------------------------------
8/22/2026, 9:53:19 PM PDT 13: window.close win2
8/23/2026, 9:34:16 AM PDT 0: 

----------------------------------------------
8/23/2026, 9:34:16 AM PDT 1: Discord starting: {"newUpdater":true,"releaseChannel":"stable","sentryDist":"stable-linux-x64","sentryRelease":"discord-desktop-f4d9be098c10e29c53815d781d4c3b766741b8e8","version":"1.0.138"}, modulepath: /home/vespera/.config/discord/module_data
8/23/2026, 9:34:16 AM PDT 2: ✅ webContents.created web1 ""
8/23/2026, 9:34:16 AM PDT 3: ✅ window.created win1 "discord"
8/23/2026, 9:34:16 AM PDT 4: ✅ webContents.did-finish-load web1
8/23/2026, 9:34:16 AM PDT 5: ✅ webContents.created web2 ""
8/23/2026, 9:34:16 AM PDT 6: ✅ window.created win2 "Discord"
8/23/2026, 9:34:17 AM PDT 7: ✅ webContents.did-finish-load web2
8/23/2026, 9:34:18 AM PDT 8: window.close win1
8/23/2026, 9:34:18 AM PDT 9: webContents.destroyed web1
8/23/2026, 9:34:18 AM PDT 10: window.closed win1
8/23/2026, 9:34:20 AM PDT 11: window.close win2
8/23/2026, 11:53:52 AM PDT 12: before-quit
8/23/2026, 11:53:52 AM PDT 13: window.close win2
